[debug] [2026-07-24T06:18:13.426Z] ----------------------------------------------------------------------
[debug] [2026-07-24T06:18:13.427Z] Command:       /Users/yeduruabhiram/.nvm/versions/node/v22.18.0/bin/node /Users/yeduruabhiram/.nvm/versions/node/v22.18.0/bin/firebase deploy --only hosting --project sv-infra-dc6df
[debug] [2026-07-24T06:18:13.427Z] CLI Version:   15.15.0
[debug] [2026-07-24T06:18:13.427Z] Platform:      darwin
[debug] [2026-07-24T06:18:13.427Z] Node Version:  v22.18.0
[debug] [2026-07-24T06:18:13.427Z] Time:          Fri Jul 24 2026 11:48:13 GMT+0530 (India Standard Time)
[debug] [2026-07-24T06:18:13.427Z] ----------------------------------------------------------------------
[debug] 
[debug] [2026-07-24T06:18:13.428Z] >>> [apiv2][query] GET https://firebase-public.firebaseio.com/cli.json [none]
[debug] [2026-07-24T06:18:14.380Z] > command requires scopes: ["email","openid","https://www.googleapis.com/auth/cloudplatformprojects.readonly","https://www.googleapis.com/auth/firebase","https://www.googleapis.com/auth/cloud-platform"]
[debug] [2026-07-24T06:18:14.381Z] > authorizing via signed-in user (mentlearn@gmail.com)
[debug] [2026-07-24T06:18:14.381Z] [iam] checking project sv-infra-dc6df for permissions ["firebase.projects.get","firebasehosting.sites.update"]
[debug] [2026-07-24T06:18:14.381Z] Checked if tokens are valid: false, expires at: 1776682466134
[debug] [2026-07-24T06:18:14.381Z] Checked if tokens are valid: false, expires at: 1776682466134
[debug] [2026-07-24T06:18:14.381Z] > refreshing access token with scopes: []
[debug] [2026-07-24T06:18:14.381Z] >>> [apiv2][query] POST https://www.googleapis.com/oauth2/v3/token [none]
[debug] [2026-07-24T06:18:14.381Z] >>> [apiv2][body] POST https://www.googleapis.com/oauth2/v3/token [omitted]
[debug] [2026-07-24T06:18:14.551Z] <<< [apiv2][status] POST https://www.googleapis.com/oauth2/v3/token 200
[debug] [2026-07-24T06:18:14.551Z] <<< [apiv2][body] POST https://www.googleapis.com/oauth2/v3/token [omitted]
[debug] [2026-07-24T06:18:14.566Z] >>> [apiv2][query] POST https://cloudresourcemanager.googleapis.com/v1/projects/sv-infra-dc6df:testIamPermissions [none]
[debug] [2026-07-24T06:18:14.566Z] >>> [apiv2][(partial)header] POST https://cloudresourcemanager.googleapis.com/v1/projects/sv-infra-dc6df:testIamPermissions  x-goog-user-project=sv-infra-dc6df
[debug] [2026-07-24T06:18:14.566Z] >>> [apiv2][body] POST https://cloudresourcemanager.googleapis.com/v1/projects/sv-infra-dc6df:testIamPermissions {"permissions":["firebase.projects.get","firebasehosting.sites.update"]}
[debug] [2026-07-24T06:18:15.121Z] <<< [apiv2][status] GET https://firebase-public.firebaseio.com/cli.json 200
[debug] [2026-07-24T06:18:15.121Z] <<< [apiv2][body] GET https://firebase-public.firebaseio.com/cli.json {"cloudBuildErrorAfter":1594252800000,"cloudBuildWarnAfter":1590019200000,"defaultNode10After":1594252800000,"minVersion":"3.0.5","node8DeploysDisabledAfter":1613390400000,"node8RuntimeDisabledAfter":1615809600000,"node8WarnAfter":1600128000000}
[debug] [2026-07-24T06:18:16.044Z] <<< [apiv2][status] POST https://cloudresourcemanager.googleapis.com/v1/projects/sv-infra-dc6df:testIamPermissions 403
[debug] [2026-07-24T06:18:16.044Z] <<< [apiv2][body] POST https://cloudresourcemanager.googleapis.com/v1/projects/sv-infra-dc6df:testIamPermissions {"error":{"code":403,"message":"Caller does not have required permission to use project sv-infra-dc6df. Grant the caller the roles/serviceusage.serviceUsageConsumer role, or a custom role with the serviceusage.services.use permission, by visiting https://console.developers.google.com/iam-admin/iam?project=sv-infra-dc6df and then retry. Propagation of the new permission may take a few minutes.","status":"PERMISSION_DENIED","details":[{"@type":"type.googleapis.com/google.rpc.ErrorInfo","reason":"USER_PROJECT_DENIED","domain":"googleapis.com","metadata":{"consoleUrl":"https://console.developers.google.com/iam-admin/iam?project=sv-infra-dc6df","service":"cloudresourcemanager.googleapis.com","containerInfo":"sv-infra-dc6df","consumer":"projects/sv-infra-dc6df"}},{"@type":"type.googleapis.com/google.rpc.LocalizedMessage","locale":"en-US","message":"Caller does not have required permission to use project sv-infra-dc6df. Grant the caller the roles/serviceusage.serviceUsageConsumer role, or a custom role with the serviceusage.services.use permission, by visiting https://console.developers.google.com/iam-admin/iam?project=sv-infra-dc6df and then retry. Propagation of the new permission may take a few minutes."},{"@type":"type.googleapis.com/google.rpc.Help","links":[{"description":"Google developer console IAM admin","url":"https://console.developers.google.com/iam-admin/iam?project=sv-infra-dc6df"}]}]}}
[debug] [2026-07-24T06:18:16.045Z] [iam] error while checking permissions, command may fail: Request to https://cloudresourcemanager.googleapis.com/v1/projects/sv-infra-dc6df:testIamPermissions had HTTP Error: 403, Caller does not have required permission to use project sv-infra-dc6df. Grant the caller the roles/serviceusage.serviceUsageConsumer role, or a custom role with the serviceusage.services.use permission, by visiting https://console.developers.google.com/iam-admin/iam?project=sv-infra-dc6df and then retry. Propagation of the new permission may take a few minutes.
[debug] [2026-07-24T06:18:16.046Z] Checked if tokens are valid: true, expires at: 1784877493552
[debug] [2026-07-24T06:18:16.046Z] Checked if tokens are valid: true, expires at: 1784877493552
[debug] [2026-07-24T06:18:16.046Z] >>> [apiv2][query] GET https://firebase.googleapis.com/v1beta1/projects/sv-infra-dc6df [none]
[debug] [2026-07-24T06:18:16.525Z] <<< [apiv2][status] GET https://firebase.googleapis.com/v1beta1/projects/sv-infra-dc6df 403
[debug] [2026-07-24T06:18:16.525Z] <<< [apiv2][body] GET https://firebase.googleapis.com/v1beta1/projects/sv-infra-dc6df {"error":{"code":403,"message":"The caller does not have permission","status":"PERMISSION_DENIED"}}
[debug] [2026-07-24T06:18:16.526Z] Request to https://firebase.googleapis.com/v1beta1/projects/sv-infra-dc6df had HTTP Error: 403, The caller does not have permission
[debug] [2026-07-24T06:18:16.747Z] FirebaseError: Request to https://firebase.googleapis.com/v1beta1/projects/sv-infra-dc6df had HTTP Error: 403, The caller does not have permission
    at responseToError (/Users/yeduruabhiram/.nvm/versions/node/v22.18.0/lib/node_modules/firebase-tools/lib/responseToError.js:53:12)
    at RetryOperation._fn (/Users/yeduruabhiram/.nvm/versions/node/v22.18.0/lib/node_modules/firebase-tools/lib/apiv2.js:333:77)
    at process.processTicksAndRejections (node:internal/process/task_queues:105:5)
[error] 
[error] Error: Failed to get Firebase project sv-infra-dc6df. Please make sure the project exists and your account has permission to access it.
